---
source: tests/cli.rs
expression: stdout
---
Usage: server [OPTIONS]

Options:
  -c, --config <FILE>  Path to the SIPI Lua config (installed by `sipi_init` before serving). Also accepts the `-c` short form [env: SIPI_CONFIGFILE=]
  -h, --help           Print help

Network:
      --serverport <PORT>  HTTP listen port (1–65535) [env: SIPI_SERVERPORT=]
      --sslport <PORT>     TLS port 1–65535 (parse-only: SIPI serves plain HTTP behind Traefik) [env: SIPI_SSLPORT=]
      --hostname <HOST>    Server hostname (parse-only: the shell derives the external host from `X-Forwarded-Host`) [env: SIPI_HOSTNAME=]
      --keepalive <SECS>   HTTP/1.1 keep-alive timeout in seconds (parse-only: tokio is async, so the knob is unread) [env: SIPI_KEEPALIVE=]

Concurrency:
  -t, --nthreads <N>                Worker thread count that sizes the engine-work pool (0 = auto-detect from CPU cores). Also accepts the `-t` short form [env: SIPI_NTHREADS=]
      --tiles-thread-ratio <RATIO>  Fraction of the worker threads guaranteed to tiles (0..1); the full partition is hard-capped at the rest. Defaults to 0.5 [env: SIPI_TILES_THREAD_RATIO=]
      --max-waiting <N>             Max requests queued for a worker before 503 (0 = no queue, shed immediately; default 2×nthreads) [env: SIPI_MAX_WAITING=]
      --queue-timeout <SECS>        Max seconds a queued request waits for a worker before 503 (default 5) [env: SIPI_QUEUE_TIMEOUT=]
      --preflight-cache-ttl <SECS>  Seconds a `pre_flight` access decision is cached per (image, credential), coalescing repeat auth calls for one image (default 0 = disabled; set >0, e.g. 2, only if the hook decides purely on prefix/identifier/Cookie/Authorization) [env: SIPI_PREFLIGHT_CACHE_TTL=]
      --preflight-cache-slots <N>   Slot count for the preflight access-cache (default 4096) [env: SIPI_PREFLIGHT_CACHE_SLOTS=]

Limits:
      --maxpost <SIZE>                        Max POST body size, e.g. "300M" (engine parses the suffix) [env: SIPI_MAXPOSTSIZE=]
      --memory-limit <SIZE>                   Total RAM envelope, e.g. "8G" (0 = auto-detect available RAM; engine parses the suffix). The full lane's byte cap is derived from this and `--tiles-memory-ratio` [env: SIPI_MEMORY_LIMIT=]
      --admission-mode <MODE>                 Admission mode: basic (thread cap only; default) or advanced (also the memory + two-lane caps). Unknown values fall back to basic [env: SIPI_ADMISSION_MODE=]
      --tiles-memory-ratio <RATIO>            Fraction of the envelope reserved for tiles (0..1); the full lane gets envelope × (1 − ratio). Defaults to 0.25 [env: SIPI_TILES_MEMORY_RATIO=]
      --large-decode-threshold-bytes <BYTES>  Estimated peak-memory threshold in bytes at/above which a decode is a full-lane decode charged against the budget; below it is a tile decode that bypasses the budget. Defaults to 32 MiB [env: SIPI_LARGE_DECODE_THRESHOLD_BYTES=]
      --thumbsize <SIZE>                      Thumbnail size used within Lua, e.g. "!128,128" [env: SIPI_THUMBSIZE=]

Paths:
      --imgroot <DIR>        Root directory containing the images [env: SIPI_IMGROOT=]
      --docroot <DIR>        Document root for the static fileserver [env: SIPI_DOCROOT=]
      --wwwroute <ROUTE>     URL route for the static fileserver [env: SIPI_WWWROUTE=]
      --scriptdir <DIR>      Directory containing the Lua route scripts [env: SIPI_SCRIPTDIR=]
      --tmpdir <DIR>         Temporary directory (uploads etc.) [env: SIPI_TMPDIR=]
      --maxtmpage <SECS>     Max age in seconds of temp files before deletion [env: SIPI_MAXTMPAGE=]
      --initscript <FILE>    Path to the Lua init script [env: SIPI_INITSCRIPT=]
      --pathprefix [<BOOL>]  IIIF prefix is part of the image path (honoured on the serve path via `routes.rs`'s `prefix_as_path`) [env: SIPI_PATHPREFIX=] [possible values: true, false]

Cache:
      --cache-dir <DIR>    Cache directory [env: SIPI_CACHE_DIR=]
      --cache-size <SIZE>  Cache size: "-1" (unlimited), "0" (disabled), or e.g. "200M" (engine parses the suffix) [env: SIPI_CACHE_SIZE=]
      --cache-nfiles <N>   Max number of cached files (0 = no limit). Unsigned: a negative is rejected (matches the C++ CLI; no signed→unsigned wrap) [env: SIPI_CACHE_NFILES=]

TLS & Auth:
      --sslcert <FILE>        Path to the SSL certificate (parse-only: TLS at Traefik) [env: SIPI_SSLCERTIFICATE=]
      --sslkey <FILE>         Path to the SSL key (parse-only: TLS at Traefik) [env: SIPI_SSLKEY=]
      --jwtkey <SECRET>       Secret for generating JWTs (exactly 42 characters) [env: SIPI_JWTKEY=]
      --adminuser <USER>      SIPI admin username [env: SIPI_ADMINUSER=]
      --adminpasswd <PASSWD>  Admin password [env: SIPI_ADMINPASSWD=]

Knora:
      --knorapath <HOST>  Knora server host [env: SIPI_KNORAPATH=]
      --knoraport <PORT>  Knora server port (a string in the engine config) [env: SIPI_KNORAPORT=]

Logging:
      --logfile <NAME>        Logfile name (NYI in the engine) [env: SIPI_LOGFILE=]
      --loglevel <LEVEL>      Logging level: DEBUG, INFO, WARNING, ERR, CRIT, ALERT, EMERG [env: SIPI_LOGLEVEL=]
      --drain-timeout <SECS>  Graceful-drain deadline in seconds (default 30): on SIGTERM/Ctrl-C, in-flight requests get this long to finish before a forced shutdown [env: SIPI_DRAIN_TIMEOUT=]
